tasks=93 deadline_in=1200s
OK contract_hook                            pages=0   n=1     HTTP 403
OK contract_gaslitedrop_counters            pages=0   n=1     HTTP 403
OK contract_escrow                          pages=0   n=1     HTTP 403
OK wallet00_6ecd4f_counters                 pages=0   n=1     HTTP 403
OK wallet00_6ecd4f_info                     pages=0   n=1     HTTP 403
OK contract_gaslitedrop                     pages=0   n=1     HTTP 403
OK contract_escrow_counters                 pages=0   n=1     HTTP 403
OK contract_hook_counters                   pages=0   n=1     HTTP 403
OK wallet00_6ecd4f_txs                      pages=0   n=0     HTTP 403
OK wallet00_6ecd4f_itx                      pages=0   n=0     HTTP 403
OK wallet00_6ecd4f_tt                       pages=0   n=0     HTTP 403
OK wallet01_66a74d_counters                 pages=0   n=1     HTTP 403
OK wallet01_66a74d_txs                      pages=0   n=0     HTTP 403
OK wallet01_66a74d_itx                      pages=0   n=0     HTTP 403
OK wallet01_66a74d_info                     pages=0   n=1     HTTP 403
OK wallet01_66a74d_tt                       pages=0   n=0     HTTP 403
OK wallet02_d657f3_info                     pages=0   n=1     HTTP 403
OK wallet02_d657f3_counters                 pages=0   n=1     HTTP 403
OK wallet03_e3694e_info                     pages=0   n=1     HTTP 403
OK wallet02_d657f3_itx                      pages=0   n=0     HTTP 403
OK wallet02_d657f3_txs                      pages=0   n=0     HTTP 403
OK wallet03_e3694e_counters                 pages=0   n=1     HTTP 403
OK wallet03_e3694e_txs                      pages=0   n=0     HTTP 403
OK wallet02_d657f3_tt                       pages=0   n=0     HTTP 403
OK wallet03_e3694e_tt                       pages=0   n=0     HTTP 403
OK wallet03_e3694e_itx                      pages=0   n=0     HTTP 403
OK wallet04_e1f2c8_info                     pages=0   n=1     HTTP 403
OK wallet04_e1f2c8_counters                 pages=0   n=1     HTTP 403
OK wallet04_e1f2c8_txs                      pages=0   n=0     HTTP 403
OK wallet04_e1f2c8_tt                       pages=0   n=0     HTTP 403
OK wallet04_e1f2c8_itx                      pages=0   n=0     HTTP 403
OK wallet05_26742a_info                     pages=0   n=1     HTTP 403
OK wallet05_26742a_counters                 pages=0   n=1     HTTP 403
OK wallet05_26742a_txs                      pages=0   n=0     HTTP 403
OK wallet05_26742a_tt                       pages=0   n=0     HTTP 403
OK wallet06_fa7a71_info                     pages=0   n=1     HTTP 403
OK wallet05_26742a_itx                      pages=0   n=0     HTTP 403
OK wallet06_fa7a71_counters                 pages=0   n=1     HTTP 403
OK wallet06_fa7a71_txs                      pages=0   n=0     HTTP 403
OK wallet06_fa7a71_tt                       pages=0   n=0     HTTP 403
OK wallet06_fa7a71_itx                      pages=0   n=0     HTTP 403
OK wallet07_0ca689_info                     pages=0   n=1     HTTP 403
OK wallet07_0ca689_counters                 pages=0   n=1     HTTP 403
OK wallet07_0ca689_itx                      pages=0   n=0     HTTP 403
OK wallet07_0ca689_tt                       pages=0   n=0     HTTP 403
OK wallet07_0ca689_txs                      pages=0   n=0     HTTP 403
OK wallet08_cee7cb_counters                 pages=0   n=1     HTTP 403
OK wallet08_cee7cb_info                     pages=0   n=1     HTTP 403
OK wallet08_cee7cb_txs                      pages=0   n=0     HTTP 403
OK wallet08_cee7cb_tt                       pages=0   n=0     HTTP 403
OK token00_8d11cb_info                      pages=0   n=1     HTTP 403
OK token00_8d11cb_counters                  pages=0   n=1     HTTP 403
OK token00_8d11cb_holders                   pages=0   n=0     HTTP 403
OK wallet08_cee7cb_itx                      pages=0   n=0     HTTP 403
OK token00_8d11cb_txs                       pages=0   n=0     HTTP 403
OK token00_8d11cb_transfers                 pages=0   n=0     HTTP 403
OK token00_8d11cb_addr                      pages=0   n=1     HTTP 403
OK token00_8d11cb_src                       pages=0   n=1     HTTP 403
OK token01_cc5dd3_info                      pages=0   n=1     HTTP 403
OK token01_cc5dd3_holders                   pages=0   n=0     HTTP 403
OK token01_cc5dd3_counters                  pages=0   n=1     HTTP 403
OK token01_cc5dd3_transfers                 pages=0   n=0     HTTP 403
OK token01_cc5dd3_addr                      pages=0   n=1     HTTP 403
OK token01_cc5dd3_src                       pages=0   n=1     HTTP 403
OK token01_cc5dd3_txs                       pages=0   n=0     HTTP 403
OK token02_382e87_info                      pages=0   n=1     HTTP 403
OK token02_382e87_holders                   pages=0   n=0     HTTP 403
OK token02_382e87_counters                  pages=0   n=1     HTTP 403
OK token02_382e87_addr                      pages=0   n=1     HTTP 403
OK token02_382e87_txs                       pages=0   n=0     HTTP 403
OK token03_5909ee_info                      pages=0   n=1     HTTP 403
OK token02_382e87_src                       pages=0   n=1     HTTP 403
OK token02_382e87_transfers                 pages=0   n=0     HTTP 403
OK token03_5909ee_counters                  pages=0   n=1     HTTP 403
OK token03_5909ee_holders                   pages=0   n=0     HTTP 403
OK token03_5909ee_transfers                 pages=0   n=0     HTTP 403
OK token03_5909ee_txs                       pages=0   n=0     HTTP 403
OK token04_e27501_info                      pages=0   n=1     HTTP 403
OK token03_5909ee_addr                      pages=0   n=1     HTTP 403
OK token03_5909ee_src                       pages=0   n=1     HTTP 403
OK token04_e27501_holders                   pages=0   n=0     HTTP 403
OK token04_e27501_counters                  pages=0   n=1     HTTP 403
OK token04_e27501_transfers                 pages=0   n=0     HTTP 403
OK token04_e27501_addr                      pages=0   n=1     HTTP 403
OK token04_e27501_txs                       pages=0   n=0     HTTP 403
OK token04_e27501_src                       pages=0   n=1     HTTP 403
OK token05_f56266_info                      pages=0   n=1     HTTP 403
OK token05_f56266_counters                  pages=0   n=1     HTTP 403
OK token05_f56266_holders                   pages=0   n=0     HTTP 403
OK token05_f56266_addr                      pages=0   n=1     HTTP 403
OK token05_f56266_txs                       pages=0   n=0     HTTP 403
OK token05_f56266_src                       pages=0   n=1     HTTP 403
OK token05_f56266_transfers                 pages=0   n=0     HTTP 403
done in 0.6s
